=== RUN   TestNewBaseEvent
--- PASS: TestNewBaseEvent (0.00s)
=== RUN   TestBaseEvent_WithCorrelation
--- PASS: TestBaseEvent_WithCorrelation (0.00s)
=== RUN   TestBaseEvent_WithCausation
--- PASS: TestBaseEvent_WithCausation (0.00s)
=== RUN   TestTransactionInitiatedEvent_Marshal
--- PASS: TestTransactionInitiatedEvent_Marshal (0.00s)
=== RUN   TestEventKeys
=== RUN   TestEventKeys/TransactionInitiatedEvent
=== RUN   TestEventKeys/FraudAnalysisCompleteEvent
=== RUN   TestEventKeys/TransactionCompletedEvent
=== RUN   TestEventKeys/UserCreatedEvent
=== RUN   TestEventKeys/AuditLogEvent
--- PASS: TestEventKeys (0.00s)
    --- PASS: TestEventKeys/TransactionInitiatedEvent (0.00s)
    --- PASS: TestEventKeys/FraudAnalysisCompleteEvent (0.00s)
    --- PASS: TestEventKeys/TransactionCompletedEvent (0.00s)
    --- PASS: TestEventKeys/UserCreatedEvent (0.00s)
    --- PASS: TestEventKeys/AuditLogEvent (0.00s)
PASS
ok  	github.com/banking/shared/events	(cached)
go : # github.com/ban
king/shared/models [g
ithub.com/banking/sha
red/models.test]
At line:1 char:1
+ go test ./... -v > 
test_output.txt 2>&1
+ ~~~~~~~~~~~~~~~~~~~
~~~~~~~~~~~~~~~~~~~~
    + CategoryInfo   
           : NotSpe  
  cified: (# githu   
 b.com/ba...ed/mo    
dels.test]:Strin    
g) [], RemoteExc    
eption
    + FullyQualified 
   ErrorId : Native  
  CommandError
 
models\models_test.go
:18:4: undefined: 
StatusConfirmed
=== RUN   TestProducer_Publish
=== RUN   TestProducer_Publish/Success
=== NAME  TestProducer_Publish
    logger.go:146: 2026-01-13T22:48:23.550-0800	DEBUG	Message sent	{"topic": "test-topic", "partition": 0, "offset": 1}
=== RUN   TestProducer_Publish/Failure
=== NAME  TestProducer_Publish
    logger.go:146: 2026-01-13T22:48:23.551-0800	ERROR	Failed to publish message	{"topic": "test-topic", "error": "kafka error"}
=== RUN   TestProducer_Publish/CircuitBreakerOpen
--- PASS: TestProducer_Publish (0.00s)
    --- PASS: TestProducer_Publish/Success (0.00s)
    --- PASS: TestProducer_Publish/Failure (0.00s)
    --- PASS: TestProducer_Publish/CircuitBreakerOpen (0.00s)
=== RUN   TestDefaultProducerConfig
--- PASS: TestDefaultProducerConfig (0.00s)
PASS
ok  	github.com/banking/shared/kafka	(cached)
FAIL	github.com/banking/shared/models [build failed]
=== RUN   TestHashPassword
--- PASS: TestHashPassword (0.03s)
=== RUN   TestVerifyPassword
--- PASS: TestVerifyPassword (0.08s)
=== RUN   TestEncryptDecrypt
--- PASS: TestEncryptDecrypt (0.00s)
=== RUN   TestEncryptInvalidKey
--- PASS: TestEncryptInvalidKey (0.00s)
=== RUN   TestDecryptInvalidKey
--- PASS: TestDecryptInvalidKey (0.00s)
=== RUN   TestDecryptCorrupted
--- PASS: TestDecryptCorrupted (0.00s)
PASS
ok  	github.com/banking/shared/security	(cached)
=== RUN   TestValidateTransferAmount
=== RUN   TestValidateTransferAmount/Valid_amount
=== RUN   TestValidateTransferAmount/Zero_amount
=== RUN   TestValidateTransferAmount/Negative_amount
=== RUN   TestValidateTransferAmount/Exceeds_limit
=== RUN   TestValidateTransferAmount/Too_many_decimals
--- PASS: TestValidateTransferAmount (0.00s)
    --- PASS: TestValidateTransferAmount/Valid_amount (0.00s)
    --- PASS: TestValidateTransferAmount/Zero_amount (0.00s)
    --- PASS: TestValidateTransferAmount/Negative_amount (0.00s)
    --- PASS: TestValidateTransferAmount/Exceeds_limit (0.00s)
    --- PASS: TestValidateTransferAmount/Too_many_decimals (0.00s)
=== RUN   TestValidateAccountNumber
=== RUN   TestValidateAccountNumber/Valid_10_digits
=== RUN   TestValidateAccountNumber/Valid_8_digits
=== RUN   TestValidateAccountNumber/Valid_12_digits
=== RUN   TestValidateAccountNumber/Too_short
=== RUN   TestValidateAccountNumber/Too_long
=== RUN   TestValidateAccountNumber/Non-digits
--- PASS: TestValidateAccountNumber (0.00s)
    --- PASS: TestValidateAccountNumber/Valid_10_digits (0.00s)
    --- PASS: TestValidateAccountNumber/Valid_8_digits (0.00s)
    --- PASS: TestValidateAccountNumber/Valid_12_digits (0.00s)
    --- PASS: TestValidateAccountNumber/Too_short (0.00s)
    --- PASS: TestValidateAccountNumber/Too_long (0.00s)
    --- PASS: TestValidateAccountNumber/Non-digits (0.00s)
=== RUN   TestValidateRoutingNumber
=== RUN   TestValidateRoutingNumber/Valid_routing
=== RUN   TestValidateRoutingNumber/Valid_routing_test
=== RUN   TestValidateRoutingNumber/Invalid_length
=== RUN   TestValidateRoutingNumber/Non-digits
=== RUN   TestValidateRoutingNumber/Invalid_checksum
--- PASS: TestValidateRoutingNumber (0.00s)
    --- PASS: TestValidateRoutingNumber/Valid_routing (0.00s)
    --- PASS: TestValidateRoutingNumber/Valid_routing_test (0.00s)
    --- PASS: TestValidateRoutingNumber/Invalid_length (0.00s)
    --- PASS: TestValidateRoutingNumber/Non-digits (0.00s)
    --- PASS: TestValidateRoutingNumber/Invalid_checksum (0.00s)
=== RUN   TestValidateEmail
=== RUN   TestValidateEmail/Valid_email
=== RUN   TestValidateEmail/Valid_email_with_dot
=== RUN   TestValidateEmail/Missing_@
=== RUN   TestValidateEmail/Missing_domain
=== RUN   TestValidateEmail/Empty
=== RUN   TestValidateEmail/Whitespace
--- PASS: TestValidateEmail (0.00s)
    --- PASS: TestValidateEmail/Valid_email (0.00s)
    --- PASS: TestValidateEmail/Valid_email_with_dot (0.00s)
    --- PASS: TestValidateEmail/Missing_@ (0.00s)
    --- PASS: TestValidateEmail/Missing_domain (0.00s)
    --- PASS: TestValidateEmail/Empty (0.00s)
    --- PASS: TestValidateEmail/Whitespace (0.00s)
=== RUN   TestValidatePassword
=== RUN   TestValidatePassword/Valid_password
=== RUN   TestValidatePassword/Too_short
=== RUN   TestValidatePassword/No_lower
=== RUN   TestValidatePassword/No_upper
=== RUN   TestValidatePassword/No_digit
=== RUN   TestValidatePassword/No_special
--- PASS: TestValidatePassword (0.00s)
    --- PASS: TestValidatePassword/Valid_password (0.00s)
    --- PASS: TestValidatePassword/Too_short (0.00s)
    --- PASS: TestValidatePassword/No_lower (0.00s)
    --- PASS: TestValidatePassword/No_upper (0.00s)
    --- PASS: TestValidatePassword/No_digit (0.00s)
    --- PASS: TestValidatePassword/No_special (0.00s)
=== RUN   TestSanitizeInput
=== RUN   TestSanitizeInput/Normal
=== RUN   TestSanitizeInput/Trim
=== RUN   TestSanitizeInput/Remove_null
=== RUN   TestSanitizeInput/Allow_newline
--- PASS: TestSanitizeInput (0.00s)
    --- PASS: TestSanitizeInput/Normal (0.00s)
    --- PASS: TestSanitizeInput/Trim (0.00s)
    --- PASS: TestSanitizeInput/Remove_null (0.00s)
    --- PASS: TestSanitizeInput/Allow_newline (0.00s)
PASS
ok  	github.com/banking/shared/validators	(cached)
FAIL
